{
  "packagingVersion": "3.0",
  "name": "bitbucket",
  "version": "4.5",
  "description": "Bitbucket",
  "maintainer": "support@mesosphere.io",
  "tags": [ "bitbucket" ],
  "config": {
    "$schema": "http://json-schema.org/schema#",
    "properties": {
      "bitbucket": {
        "properties": {
          "name": {
            "default": "bitbucket",
            "description": "name",
            "type": "string"
          }
        },
        "required": ["name"],
        "type": "object"
      }
    },
    "type": "object"
  }
}
